{"features": ["autocomplete", "compute", "describe-protocol", "describe-repl", "exit", "lookup", "lookup/documentation", "lookup/definition", "pop", "peek", "push", "search"], "kind": "protocol-info", "version": 1}
{"kind": "response", "query-id": "1", "response": [], "status": "success"}
{"kind": "response", "query-id": "2", "response": [], "status": "success"}
{"kind": "response", "query-id": "3", "response": [], "status": "success"}
{"kind": "response", "query-id": "4", "response": [], "status": "success"}
{"kind": "response", "query-id": "5", "response": [], "status": "success"}
{"kind": "response", "query-id": "6", "response": [], "status": "success"}
{"kind": "response", "query-id": "7", "response": [], "status": "success"}
{"kind": "response", "query-id": "8", "response": [], "status": "success"}
{"kind": "response", "query-id": "9", "response": [], "status": "success"}
{"kind": "response", "query-id": "10", "response": [], "status": "success"}
{"kind": "response", "query-id": "11", "response": [{"level": "warning", "message": "Top-level let-bindings must be total; this term may have effects", "ranges": [{"beg": [60, 0], "end": [60, 48], "fname": "<input>"}]}], "status": "success"}
